2026-09-18 14:53:03 [INFO] advisor.analysis.analyzer: Analizando 103 activos (horizonte swing, velas de 1d)
2026-09-18 14:53:24 [INFO] advisor.analysis.analyzer: ^GSPC benchmark: barra 2026-09-18 recortada: cierre de sesión 16:00 America/New_York + 20 min no alcanzado
2026-09-18 14:53:25 [INFO] advisor.analysis.analyzer: AAPL: barra 2026-09-18 recortada: cierre de sesión 16:00 America/New_York + 20 min no alcanzado
2026-09-18 14:53:27 [INFO] advisor.analysis.analyzer: MSFT: barra 2026-09-18 recortada: cierre de sesión 16:00 America/New_York + 20 min no alcanzado
2026-09-18 14:53:27 [INFO] advisor.analysis.analyzer: GOOGL: barra 2026-09-18 recortada: cierre de sesión 16:00 America/New_York + 20 min no alcanzado
2026-09-18 14:53:28 [INFO] advisor.analysis.analyzer: AMZN: barra 2026-09-18 recortada: cierre de sesión 16:00 America/New_York + 20 min no alcanzado
2026-09-18 14:53:29 [INFO] advisor.analysis.analyzer: META: barra 2026-09-18 recortada: cierre de sesión 16:00 America/New_York + 20 min no alcanzado
2026-09-18 14:53:30 [INFO] advisor.analysis.analyzer: TSLA: barra 2026-09-18 recortada: cierre de sesión 16:00 America/New_York + 20 min no alcanzado
2026-09-18 14:53:31 [INFO] advisor.analysis.analyzer: ORCL: barra 2026-09-18 recortada: cierre de sesión 16:00 America/New_York + 20 min no alcanzado
2026-09-18 14:53:32 [INFO] advisor.analysis.analyzer: CRM: barra 2026-09-18 recortada: cierre de sesión 16:00 America/New_York + 20 min no alcanzado
2026-09-18 14:53:33 [INFO] advisor.analysis.analyzer: NOW: barra 2026-09-18 recortada: cierre de sesión 16:00 America/New_York + 20 min no alcanzado
2026-09-18 14:53:34 [INFO] advisor.analysis.analyzer: ADBE: barra 2026-09-18 recortada: cierre de sesión 16:00 America/New_York + 20 min no alcanzado
2026-09-18 14:53:35 [INFO] advisor.analysis.analyzer: NFLX: barra 2026-09-18 recortada: cierre de sesión 16:00 America/New_York + 20 min no alcanzado
2026-09-18 14:53:36 [INFO] advisor.analysis.analyzer: NVDA: barra 2026-09-18 recortada: cierre de sesión 16:00 America/New_York + 20 min no alcanzado
2026-09-18 14:53:37 [INFO] advisor.analysis.analyzer: AVGO: barra 2026-09-18 recortada: cierre de sesión 16:00 America/New_York + 20 min no alcanzado
2026-09-18 14:53:38 [INFO] advisor.analysis.analyzer: AMD: barra 2026-09-18 recortada: cierre de sesión 16:00 America/New_York + 20 min no alcanzado
2026-09-18 14:53:39 [INFO] advisor.analysis.analyzer: MU: barra 2026-09-18 recortada: cierre de sesión 16:00 America/New_York + 20 min no alcanzado
2026-09-18 14:53:41 [INFO] advisor.analysis.analyzer: QCOM: barra 2026-09-18 recortada: cierre de sesión 16:00 America/New_York + 20 min no alcanzado
2026-09-18 14:53:41 [INFO] advisor.analysis.analyzer: MRVL: barra 2026-09-18 recortada: cierre de sesión 16:00 America/New_York + 20 min no alcanzado
2026-09-18 14:53:42 [INFO] advisor.analysis.analyzer: INTC: barra 2026-09-18 recortada: cierre de sesión 16:00 America/New_York + 20 min no alcanzado
2026-09-18 14:53:44 [INFO] advisor.analysis.analyzer: AMAT: barra 2026-09-18 recortada: cierre de sesión 16:00 America/New_York + 20 min no alcanzado
2026-09-18 14:53:44 [INFO] advisor.analysis.analyzer: LRCX: barra 2026-09-18 recortada: cierre de sesión 16:00 America/New_York + 20 min no alcanzado
2026-09-18 14:53:45 [INFO] advisor.analysis.analyzer: ARM: barra 2026-09-18 recortada: cierre de sesión 16:00 America/New_York + 20 min no alcanzado
2026-09-18 14:53:46 [INFO] advisor.analysis.analyzer: PLTR: barra 2026-09-18 recortada: cierre de sesión 16:00 America/New_York + 20 min no alcanzado
2026-09-18 14:53:47 [INFO] advisor.analysis.analyzer: PANW: barra 2026-09-18 recortada: cierre de sesión 16:00 America/New_York + 20 min no alcanzado
2026-09-18 14:53:48 [INFO] advisor.analysis.analyzer: CRWD: barra 2026-09-18 recortada: cierre de sesión 16:00 America/New_York + 20 min no alcanzado
2026-09-18 14:53:50 [INFO] advisor.analysis.analyzer: UBER: barra 2026-09-18 recortada: cierre de sesión 16:00 America/New_York + 20 min no alcanzado
2026-09-18 14:53:50 [INFO] advisor.analysis.analyzer: APP: barra 2026-09-18 recortada: cierre de sesión 16:00 America/New_York + 20 min no alcanzado
2026-09-18 14:53:52 [INFO] advisor.analysis.analyzer: JPM: barra 2026-09-18 recortada: cierre de sesión 16:00 America/New_York + 20 min no alcanzado
2026-09-18 14:53:53 [INFO] advisor.analysis.analyzer: GS: barra 2026-09-18 recortada: cierre de sesión 16:00 America/New_York + 20 min no alcanzado
2026-09-18 14:53:54 [INFO] advisor.analysis.analyzer: V: barra 2026-09-18 recortada: cierre de sesión 16:00 America/New_York + 20 min no alcanzado
2026-09-18 14:53:55 [INFO] advisor.analysis.analyzer: MA: barra 2026-09-18 recortada: cierre de sesión 16:00 America/New_York + 20 min no alcanzado
2026-09-18 14:53:55 [INFO] advisor.analysis.analyzer: BRK-B: barra 2026-09-18 recortada: cierre de sesión 16:00 America/New_York + 20 min no alcanzado
2026-09-18 14:53:57 [INFO] advisor.analysis.analyzer: LLY: barra 2026-09-18 recortada: cierre de sesión 16:00 America/New_York + 20 min no alcanzado
2026-09-18 14:53:58 [INFO] advisor.analysis.analyzer: ABBV: barra 2026-09-18 recortada: cierre de sesión 16:00 America/New_York + 20 min no alcanzado
2026-09-18 14:53:59 [INFO] advisor.analysis.analyzer: VRTX: barra 2026-09-18 recortada: cierre de sesión 16:00 America/New_York + 20 min no alcanzado
2026-09-18 14:54:00 [INFO] advisor.analysis.analyzer: GE: barra 2026-09-18 recortada: cierre de sesión 16:00 America/New_York + 20 min no alcanzado
2026-09-18 14:54:01 [INFO] advisor.analysis.analyzer: RTX: barra 2026-09-18 recortada: cierre de sesión 16:00 America/New_York + 20 min no alcanzado
2026-09-18 14:54:02 [INFO] advisor.analysis.analyzer: LMT: barra 2026-09-18 recortada: cierre de sesión 16:00 America/New_York + 20 min no alcanzado
2026-09-18 14:54:03 [INFO] advisor.analysis.analyzer: CAT: barra 2026-09-18 recortada: cierre de sesión 16:00 America/New_York + 20 min no alcanzado
2026-09-18 14:54:04 [INFO] advisor.analysis.analyzer: XOM: barra 2026-09-18 recortada: cierre de sesión 16:00 America/New_York + 20 min no alcanzado
2026-09-18 14:54:05 [INFO] advisor.analysis.analyzer: CVX: barra 2026-09-18 recortada: cierre de sesión 16:00 America/New_York + 20 min no alcanzado
2026-09-18 14:54:06 [INFO] advisor.analysis.analyzer: COIN: barra 2026-09-18 recortada: cierre de sesión 16:00 America/New_York + 20 min no alcanzado
2026-09-18 14:54:07 [INFO] advisor.analysis.analyzer: ^STOXX benchmark: barra 2026-09-18 recortada: cierre de sesión 17:30 Europe/Berlin + 20 min no alcanzado
2026-09-18 14:54:08 [INFO] advisor.analysis.analyzer: SAP.DE: barra 2026-09-18 recortada: cierre de sesión 17:30 Europe/Berlin + 20 min no alcanzado
2026-09-18 14:54:09 [INFO] advisor.analysis.analyzer: SIE.DE: barra 2026-09-18 recortada: cierre de sesión 17:30 Europe/Berlin + 20 min no alcanzado
2026-09-18 14:54:10 [INFO] advisor.analysis.analyzer: ALV.DE: barra 2026-09-18 recortada: cierre de sesión 17:30 Europe/Berlin + 20 min no alcanzado
2026-09-18 14:54:11 [INFO] advisor.analysis.analyzer: MBG.DE: barra 2026-09-18 recortada: cierre de sesión 17:30 Europe/Berlin + 20 min no alcanzado
2026-09-18 14:54:12 [INFO] advisor.analysis.analyzer: RHM.DE: barra 2026-09-18 recortada: cierre de sesión 17:30 Europe/Berlin + 20 min no alcanzado
2026-09-18 14:54:13 [INFO] advisor.analysis.analyzer: ENR.DE: barra 2026-09-18 recortada: cierre de sesión 17:30 Europe/Berlin + 20 min no alcanzado
2026-09-18 14:54:14 [INFO] advisor.analysis.analyzer: DTE.DE: barra 2026-09-18 recortada: cierre de sesión 17:30 Europe/Berlin + 20 min no alcanzado
2026-09-18 14:54:15 [INFO] advisor.analysis.analyzer: DBK.DE: barra 2026-09-18 recortada: cierre de sesión 17:30 Europe/Berlin + 20 min no alcanzado
2026-09-18 14:54:16 [INFO] advisor.analysis.analyzer: MUV2.DE: barra 2026-09-18 recortada: cierre de sesión 17:30 Europe/Berlin + 20 min no alcanzado
2026-09-18 14:54:17 [INFO] advisor.analysis.analyzer: IFX.DE: barra 2026-09-18 recortada: cierre de sesión 17:30 Europe/Berlin + 20 min no alcanzado
2026-09-18 14:54:18 [INFO] advisor.analysis.analyzer: ASML.AS: barra 2026-09-18 recortada: cierre de sesión 17:30 Europe/Amsterdam + 20 min no alcanzado
2026-09-18 14:54:19 [INFO] advisor.analysis.analyzer: ADYEN.AS: barra 2026-09-18 recortada: cierre de sesión 17:30 Europe/Amsterdam + 20 min no alcanzado
2026-09-18 14:54:20 [INFO] advisor.analysis.analyzer: MC.PA: barra 2026-09-18 recortada: cierre de sesión 17:30 Europe/Paris + 20 min no alcanzado
2026-09-18 14:54:21 [INFO] advisor.analysis.analyzer: AIR.PA: barra 2026-09-18 recortada: cierre de sesión 17:30 Europe/Paris + 20 min no alcanzado
2026-09-18 14:54:22 [INFO] advisor.analysis.analyzer: SU.PA: barra 2026-09-18 recortada: cierre de sesión 17:30 Europe/Paris + 20 min no alcanzado
2026-09-18 14:54:23 [INFO] advisor.analysis.analyzer: SAF.PA: barra 2026-09-18 recortada: cierre de sesión 17:30 Europe/Paris + 20 min no alcanzado
2026-09-18 14:54:24 [INFO] advisor.analysis.analyzer: TTE.PA: barra 2026-09-18 recortada: cierre de sesión 17:30 Europe/Paris + 20 min no alcanzado
2026-09-18 14:54:25 [INFO] advisor.analysis.analyzer: OR.PA: barra 2026-09-18 recortada: cierre de sesión 17:30 Europe/Paris + 20 min no alcanzado
2026-09-18 14:54:26 [INFO] advisor.analysis.analyzer: IBE.MC: barra 2026-09-18 recortada: cierre de sesión 17:30 Europe/Madrid + 20 min no alcanzado
2026-09-18 14:54:27 [INFO] advisor.analysis.analyzer: ITX.MC: barra 2026-09-18 recortada: cierre de sesión 17:30 Europe/Madrid + 20 min no alcanzado
2026-09-18 14:54:28 [INFO] advisor.analysis.analyzer: BBVA.MC: barra 2026-09-18 recortada: cierre de sesión 17:30 Europe/Madrid + 20 min no alcanzado
2026-09-18 14:54:29 [INFO] advisor.analysis.analyzer: RACE.MI: barra 2026-09-18 recortada: cierre de sesión 17:30 Europe/Rome + 20 min no alcanzado
2026-09-18 14:54:30 [INFO] advisor.analysis.analyzer: ENI.MI: barra 2026-09-18 recortada: cierre de sesión 17:30 Europe/Rome + 20 min no alcanzado
2026-09-18 14:54:31 [INFO] advisor.analysis.analyzer: NOVO-B.CO: barra 2026-09-18 recortada: cierre de sesión 17:00 Europe/Copenhagen + 20 min no alcanzado
2026-09-18 14:54:32 [INFO] advisor.analysis.analyzer: RRU.DE: barra 2026-09-18 recortada: cierre de sesión 17:30 Europe/Berlin + 20 min no alcanzado
2026-09-18 14:54:33 [INFO] advisor.analysis.analyzer: BSP.DE: barra 2026-09-18 recortada: cierre de sesión 17:30 Europe/Berlin + 20 min no alcanzado
2026-09-18 14:54:34 [INFO] advisor.analysis.analyzer: AZN: barra 2026-09-18 recortada: cierre de sesión 16:00 America/New_York + 20 min no alcanzado
2026-09-18 14:54:35 [INFO] advisor.analysis.analyzer: R6C0.DE: barra 2026-09-18 recortada: cierre de sesión 17:30 Europe/Berlin + 20 min no alcanzado
2026-09-18 14:54:45 [INFO] advisor.analysis.analyzer: TSM: barra 2026-09-18 recortada: cierre de sesión 16:00 America/New_York + 20 min no alcanzado
2026-09-18 14:54:52 [INFO] advisor.analysis.analyzer: INFY: barra 2026-09-18 recortada: cierre de sesión 16:00 America/New_York + 20 min no alcanzado
2026-09-18 14:54:53 [INFO] advisor.analysis.analyzer: EUNL.DE: barra 2026-09-18 recortada: cierre de sesión 17:30 Europe/Berlin + 20 min no alcanzado
2026-09-18 14:54:54 [INFO] advisor.analysis.analyzer: SXR8.DE: barra 2026-09-18 recortada: cierre de sesión 17:30 Europe/Berlin + 20 min no alcanzado
2026-09-18 14:54:55 [INFO] advisor.analysis.analyzer: EQQQ.DE: barra 2026-09-18 recortada: cierre de sesión 17:30 Europe/Berlin + 20 min no alcanzado
2026-09-18 14:54:56 [INFO] advisor.analysis.analyzer: EXSA.DE: barra 2026-09-18 recortada: cierre de sesión 17:30 Europe/Berlin + 20 min no alcanzado
2026-09-18 14:54:57 [INFO] advisor.analysis.analyzer: IS3N.DE: barra 2026-09-18 recortada: cierre de sesión 17:30 Europe/Berlin + 20 min no alcanzado
2026-09-18 14:54:58 [INFO] advisor.analysis.analyzer: EUNN.DE: barra 2026-09-18 recortada: cierre de sesión 17:30 Europe/Berlin + 20 min no alcanzado
2026-09-18 14:54:59 [INFO] advisor.analysis.analyzer: ICGA.DE: barra 2026-09-18 recortada: cierre de sesión 17:30 Europe/Berlin + 20 min no alcanzado
2026-09-18 14:55:00 [INFO] advisor.analysis.analyzer: QDV5.DE: barra 2026-09-18 recortada: cierre de sesión 17:30 Europe/Berlin + 20 min no alcanzado
2026-09-18 14:55:01 [INFO] advisor.analysis.analyzer: IQQT.DE: barra 2026-09-18 recortada: cierre de sesión 17:30 Europe/Berlin + 20 min no alcanzado
2026-09-18 14:55:02 [INFO] advisor.analysis.analyzer: IQQK.DE: barra 2026-09-18 recortada: cierre de sesión 17:30 Europe/Berlin + 20 min no alcanzado
2026-09-18 14:55:03 [INFO] advisor.analysis.analyzer: VVSM.DE: barra 2026-09-18 recortada: cierre de sesión 17:30 Europe/Berlin + 20 min no alcanzado
2026-09-18 14:55:04 [INFO] advisor.analysis.analyzer: DFEN.DE: barra 2026-09-18 recortada: cierre de sesión 17:30 Europe/Berlin + 20 min no alcanzado
2026-09-18 14:55:05 [INFO] advisor.analysis.analyzer: Q8Y0.DE: barra 2026-09-18 recortada: cierre de sesión 17:30 Europe/Berlin + 20 min no alcanzado
2026-09-18 14:55:06 [INFO] advisor.analysis.analyzer: 4GLD.DE: barra 2026-09-18 recortada: cierre de sesión 17:30 Europe/Berlin + 20 min no alcanzado
2026-09-18 14:55:07 [INFO] advisor.analysis.analyzer: EUNH.DE: barra 2026-09-18 recortada: cierre de sesión 17:30 Europe/Berlin + 20 min no alcanzado
2026-09-18 14:55:08 [INFO] advisor.analysis.analyzer: ZPRR.DE: barra 2026-09-18 recortada: cierre de sesión 17:30 Europe/Berlin + 20 min no alcanzado
2026-09-18 14:55:09 [INFO] advisor.analysis.analyzer: EXV1.DE: barra 2026-09-18 recortada: cierre de sesión 17:30 Europe/Berlin + 20 min no alcanzado
2026-09-18 14:55:10 [INFO] advisor.analysis.analyzer: EXH1.DE: barra 2026-09-18 recortada: cierre de sesión 17:30 Europe/Berlin + 20 min no alcanzado
CODIGO DE SALIDA: 0
